{"data":[{"id":1001,"creator_id":1000,"title":"post2 draft","tags":null,"url":null,"link_id":null,"body_md":null,"body_html":null,"score":0,"dreplies":0,"treplies":0,"posted":true,"draft":true,"published_at":null,"created_at":1634151317,"updated_at":1634151317,"channel":{"id":1000,"handle":"channel-name","dname":"channel1","bio":"","avatar":"","banner":"","public":true,"listed":false},"postuser":null}],"perpage":15,"offset":0,"has_more":false,"morequery":{},"path_with_query":"/posts?draft=1"}