{"data":[{"id":1000,"creator_id":1000,"title":"post1","tags":null,"url":null,"link_id":null,"body_md":null,"body_html":null,"score":0,"dreplies":0,"treplies":0,"posted":true,"draft":false,"published_at":null,"created_at":1607655767,"updated_at":1607655767,"channel":{"id":1000,"handle":"channel-name","dname":"channel1","bio":"","avatar":"","banner":"","public":true,"listed":true},"postuser":null}],"perpage":15,"offset":0,"has_more":false,"morequery":{},"path_with_query":"/posts?"}